// Jest Snapshot v1, https://goo.gl/fbAQLP

exports[`Render Home 1`] = `
<div>
  <Post
    content="One of the easiest ways to get a job in the early GitHub days was to work on one of our open source projects. We’d start to recognize your username and ability, and you’d be able to get a better idea of how we operated internally. For a small, scrappy, bootstrapped company, this was a huge time saver for us early on. One of the easiest ways to get a job in the early GitHub days was to work on one of our open source projects. We’d start to recognize your username and ability, and you’d be able to get a better idea of how we operated internally. For a small, scrappy, bootstrapped company, this was a huge time saver for us early on. One of the easiest ways to get a job in the early GitHub days was to work on one of our open source projects. We’d start to recognize your username and ability, and you’d be able to get a better idea of how we operated internally. For a small, scrappy, bootstrapped company, this was a huge time saver for us early on. One of the easiest ways to get a job in the early GitHub days was to work on one of our open source projects. We’d start to recognize your username and ability, and you’d be able to get a better idea of how we operated internally. For a small, scrappy, bootstrapped company, this was a huge time saver for us early on. One of the easiest ways to get a job in the early GitHub days was to work on one of our open source projects. We’d start to recognize your username and ability, and you’d be able to get a better idea of how we operated internally. For a small, scrappy, bootstrapped company, this was a huge time saver for us early on. One of the easiest ways to get a job in the early GitHub days was to work on one of our open source projects. We’d start to recognize your username and ability, and you’d be able to get a better idea of how we operated internally. For a small, scrappy, bootstrapped company, this was a huge time saver for us early on."
    excerpt="One of the easiest ways to get a job in the early GitHub days was to work on one of our open source projects. We’d start to recognize your username and ability, and you’d be able to get a better idea of how we operated internally. For a small, scrappy, bootstrapped company, this was a huge time saver for us early on."
    key="how-to-build-a-progressive-web-app-with-react"
    slug="how-to-build-a-progressive-web-app-with-react"
    title="How to build a progressive web app with React"
    titleLink={true}
  />
  <Post
    content="Jest can be used in projects that use webpack to manage assets, styles, and compilation. webpack does offer some unique challenges over other tools because it integrates directly with your application to allow managing stylesheets, assets like images and fonts, along with the expansive ecosystem of compile-to-JavaScript languages and tools. Jest can be used in projects that use webpack to manage assets, styles, and compilation. webpack does offer some unique challenges over other tools because it integrates directly with your application to allow managing stylesheets, assets like images and fonts, along with the expansive ecosystem of compile-to-JavaScript languages and tools. Jest can be used in projects that use webpack to manage assets, styles, and compilation. webpack does offer some unique challenges over other tools because it integrates directly with your application to allow managing stylesheets, assets like images and fonts, along with the expansive ecosystem of compile-to-JavaScript languages and tools. Jest can be used in projects that use webpack to manage assets, styles, and compilation. webpack does offer some unique challenges over other tools because it integrates directly with your application to allow managing stylesheets, assets like images and fonts, along with the expansive ecosystem of compile-to-JavaScript languages and tools. Jest can be used in projects that use webpack to manage assets, styles, and compilation. webpack does offer some unique challenges over other tools because it integrates directly with your application to allow managing stylesheets, assets like images and fonts, along with the expansive ecosystem of compile-to-JavaScript languages and tools. Jest can be used in projects that use webpack to manage assets, styles, and compilation. webpack does offer some unique challenges over other tools because it integrates directly with your application to allow managing stylesheets, assets like images and fonts, along with the expansive ecosystem of compile-to-JavaScript languages and tools."
    excerpt="Jest can be used in projects that use webpack to manage assets, styles, and compilation. webpack does offer some unique challenges over other tools because it integrates directly with your application to allow managing stylesheets, assets like images and fonts, along with the expansive ecosystem of compile-to-JavaScript languages and tools."
    key="testing-with-jest-and-enzyme"
    slug="testing-with-jest-and-enzyme"
    title="Testing with Jest and Enzyme"
    titleLink={true}
  />
  <Post
    content="A CSS Module is a CSS file in which all class names and animation names are scoped locally by default. All URLs (url(...)) and @imports are in module request format (./xxx and ../xxx means relative, xxx and xxx/yyy means in modules folder, i. e. in node_modules). CSS Modules compile to a low-level interchange format called ICSS or Interoperable CSS, but are written like normal CSS files. A CSS Module is a CSS file in which all class names and animation names are scoped locally by default. All URLs (url(...)) and @imports are in module request format (./xxx and ../xxx means relative, xxx and xxx/yyy means in modules folder, i. e. in node_modules). CSS Modules compile to a low-level interchange format called ICSS or Interoperable CSS, but are written like normal CSS files. A CSS Module is a CSS file in which all class names and animation names are scoped locally by default. All URLs (url(...)) and @imports are in module request format (./xxx and ../xxx means relative, xxx and xxx/yyy means in modules folder, i. e. in node_modules). CSS Modules compile to a low-level interchange format called ICSS or Interoperable CSS, but are written like normal CSS files. A CSS Module is a CSS file in which all class names and animation names are scoped locally by default. All URLs (url(...)) and @imports are in module request format (./xxx and ../xxx means relative, xxx and xxx/yyy means in modules folder, i. e. in node_modules). CSS Modules compile to a low-level interchange format called ICSS or Interoperable CSS, but are written like normal CSS files. A CSS Module is a CSS file in which all class names and animation names are scoped locally by default. All URLs (url(...)) and @imports are in module request format (./xxx and ../xxx means relative, xxx and xxx/yyy means in modules folder, i. e. in node_modules). CSS Modules compile to a low-level interchange format called ICSS or Interoperable CSS, but are written like normal CSS files. "
    excerpt="A CSS Module is a CSS file in which all class names and animation names are scoped locally by default. All URLs (url(...)) and @imports are in module request format (./xxx and ../xxx means relative, xxx and xxx/yyy means in modules folder, i. e. in node_modules). CSS Modules compile to a low-level interchange format called ICSS or Interoperable CSS, but are written like normal CSS files."
    key="getting-started-with-css-modules-in-webpack"
    slug="getting-started-with-css-modules-in-webpack"
    title="Getting started with CSS modules in Webpack"
    titleLink={true}
  />
</div>
`;

exports[`Render Home 2`] = `
<div>
  <p>
    Awaiting Posts!
  </p>
</div>
`;
