// Jest Snapshot v1, https://goo.gl/fbAQLP

exports[`Render PostDetail 1`] = `
<div>
  <Post />
</div>
`;
